// Jest Snapshot v1, https://goo.gl/fbAQLP

exports[`renders correctly 1`] = `
<div
  className="headerWrap"
>
  <img
    alt="planet"
    className="logoImg"
    src="space.png"
  />
  <h1>
    Space Traveler's Hub
  </h1>
</div>
`;
