// Jest Snapshot v1, https://goo.gl/fbAQLP

exports[`renders correctly 1`] = `
<div
  className="rocketProfileWrap"
>
  <h4
    className="myRockets"
  >
    My Rockets
  </h4>
  <h5
    className="noReservation"
  >
    No reservation yet!
  </h5>
</div>
`;
